/Users/deepakkhokhar/Desktop/JobTracker-BackEnd/src/main/java/com/shelfex/job_tracker/config/WebConfig.java
/Users/deepakkhokhar/Desktop/JobTracker-BackEnd/src/main/java/com/shelfex/job_tracker/controller/AuthController.java
/Users/deepakkhokhar/Desktop/JobTracker-BackEnd/src/main/java/com/shelfex/job_tracker/repository/UserRepository.java
/Users/deepakkhokhar/Desktop/JobTracker-BackEnd/src/main/java/com/shelfex/job_tracker/security/JwtUtil.java
/Users/deepakkhokhar/Desktop/JobTracker-BackEnd/src/main/java/com/shelfex/job_tracker/JobTrackerApplication.java
/Users/deepakkhokhar/Desktop/JobTracker-BackEnd/src/main/java/com/shelfex/job_tracker/dto/AuthResponse.java
/Users/deepakkhokhar/Desktop/JobTracker-BackEnd/src/main/java/com/shelfex/job_tracker/model/Role.java
/Users/deepakkhokhar/Desktop/JobTracker-BackEnd/src/main/java/com/shelfex/job_tracker/service/EmailService.java
/Users/deepakkhokhar/Desktop/JobTracker-BackEnd/src/main/java/com/shelfex/job_tracker/model/JobApplication.java
/Users/deepakkhokhar/Desktop/JobTracker-BackEnd/src/main/java/com/shelfex/job_tracker/security/JwtAuthenticationFilter.java
/Users/deepakkhokhar/Desktop/JobTracker-BackEnd/src/main/java/com/shelfex/job_tracker/service/AuthService.java
/Users/deepakkhokhar/Desktop/JobTracker-BackEnd/src/main/java/com/shelfex/job_tracker/controller/TestController.java
/Users/deepakkhokhar/Desktop/JobTracker-BackEnd/src/main/java/com/shelfex/job_tracker/security/SecurityConfig.java
/Users/deepakkhokhar/Desktop/JobTracker-BackEnd/src/main/java/com/shelfex/job_tracker/security/UserDetailsServiceImpl.java
/Users/deepakkhokhar/Desktop/JobTracker-BackEnd/src/main/java/com/shelfex/job_tracker/dto/JobApplicationDTO.java
/Users/deepakkhokhar/Desktop/JobTracker-BackEnd/src/main/java/com/shelfex/job_tracker/model/User.java
/Users/deepakkhokhar/Desktop/JobTracker-BackEnd/src/main/java/com/shelfex/job_tracker/repository/JobApplicationRepository.java
/Users/deepakkhokhar/Desktop/JobTracker-BackEnd/src/main/java/com/shelfex/job_tracker/dto/RegisterRequest.java
/Users/deepakkhokhar/Desktop/JobTracker-BackEnd/src/main/java/com/shelfex/job_tracker/controller/JobApplicationController.java
/Users/deepakkhokhar/Desktop/JobTracker-BackEnd/src/main/java/com/shelfex/job_tracker/dto/AuthRequest.java
/Users/deepakkhokhar/Desktop/JobTracker-BackEnd/src/main/java/com/shelfex/job_tracker/config/CorsConfig.java
